Nome do Jogador: SEM DADO
Nacionalidade do Jogador: SEM DADO
Clube do Jogador: SEM DADO

Nome do Jogador: SEM DADO
Nacionalidade do Jogador: SEM DADO
Clube do Jogador: SEM DADO
