Busca 1

Registro inexistente.

Busca 2

Registro inexistente.

Busca 3

Registro inexistente.
